// Jest Snapshot v1, https://goo.gl/fbAQLP

exports[`renders the TodoList correctly 1`] = `
<ul>
  <li>
    <strike>
      Learn about react
    </strike>
     
  </li>
  <li>
    <strike>
      Learn about reducers
    </strike>
     
  </li>
</ul>
`;
